  application.cpp
C:\source\LGE_Dev\LGE\application.h(8,1): error C1083: Cannot open include file: 'SDL3/SDL.h': No such file or directory
  (compiling source file 'application.cpp')
  
  image.cpp
  imgui_impl_bgfx.cpp
  imgui_impl_sdl3.cpp
C:\source\LGE_Dev\LGE\imgui\backends\imgui_impl_sdl3.cpp(78,1): error C1083: Cannot open include file: 'SDL3/SDL.h': No such file or directory
  imgui.cpp
  imgui_demo.cpp
  imgui_draw.cpp
  imgui_tables.cpp
  imgui_widgets.cpp
  lge_model.cpp
C:\source\LGE_Dev\LGE\lge_model.cpp(5,1): error C1083: Cannot open include file: 'tiny_obj_loader.h': No such file or directory
  log.cpp
  renderer.cpp
C:\source\LGE_Dev\LGE\renderer.h(5,1): error C1083: Cannot open include file: 'SDL3/SDL.h': No such file or directory
  (compiling source file 'renderer.cpp')
  
  shader.cpp
C:\source\LGE_Dev\LGE\shader.cpp(34,79): warning C4244: 'argument': conversion from 'std::streamsize' to 'uint32_t', possible loss of data
  frame_buffer.cpp
  Generating Code...
