c:\source\lge_dev\x64\release\lge_core.pdb
c:\source\lge_dev\lge\x64\release\renderer.obj
c:\source\lge_dev\lge\x64\release\application.obj
c:\source\lge_dev\lge\x64\release\frame_buffer.obj
c:\source\lge_dev\lge\x64\release\shader.obj
c:\source\lge_dev\lge\x64\release\log.obj
c:\source\lge_dev\lge\x64\release\imgui_widgets.obj
c:\source\lge_dev\lge\x64\release\imgui_tables.obj
c:\source\lge_dev\lge\x64\release\imgui_draw.obj
c:\source\lge_dev\lge\x64\release\imgui_demo.obj
c:\source\lge_dev\lge\x64\release\imgui.obj
c:\source\lge_dev\lge\x64\release\imgui_impl_sdl3.obj
c:\source\lge_dev\lge\x64\release\imgui_impl_bgfx.obj
c:\source\lge_dev\lge\x64\release\image.obj
c:\source\lge_dev\lge\x64\release\lge_model.obj
c:\source\lge_dev\x64\release\lge_core.lib
c:\source\lge_dev\lge\x64\release\lge_core.tlog\cl.command.1.tlog
c:\source\lge_dev\lge\x64\release\lge_core.tlog\cl.items.tlog
c:\source\lge_dev\lge\x64\release\lge_core.tlog\cl.read.1.tlog
c:\source\lge_dev\lge\x64\release\lge_core.tlog\cl.write.1.tlog
c:\source\lge_dev\lge\x64\release\lge_core.tlog\lib-link.read.1.tlog
c:\source\lge_dev\lge\x64\release\lge_core.tlog\lib-link.write.1.tlog
c:\source\lge_dev\lge\x64\release\lge_core.tlog\lib.command.1.tlog
