  main.cpp
     Creating library C:\source\LGE_Dev\x64\Release\LGE_Editor.lib and object C:\source\LGE_Dev\x64\Release\LGE_Editor.exp
  Generating code
  4 of 5130 functions (<0.1%) were compiled, the rest were copied from previous compilation.
    0 functions were new in current compilation
    57 functions had inline decision re-evaluated but remain unchanged
  Finished generating code
LGE_Core.lib(bgfx.obj) : warning LNK4099: PDB 'bgfxRelease.pdb' was not found with 'LGE_Core.lib(bgfx.obj)' or at 'C:\source\LGE_Dev\x64\Release\bgfxRelease.pdb'; linking object as if no debug info
LGE_Core.lib(vertexlayout.obj) : warning LNK4099: PDB 'bgfxRelease.pdb' was not found with 'LGE_Core.lib(vertexlayout.obj)' or at 'C:\source\LGE_Dev\x64\Release\bgfxRelease.pdb'; linking object as if no debug info
LGE_Core.lib(renderer_noop.obj) : warning LNK4099: PDB 'bgfxRelease.pdb' was not found with 'LGE_Core.lib(renderer_noop.obj)' or at 'C:\source\LGE_Dev\x64\Release\bgfxRelease.pdb'; linking object as if no debug info
LGE_Core.lib(renderer_agc.obj) : warning LNK4099: PDB 'bgfxRelease.pdb' was not found with 'LGE_Core.lib(renderer_agc.obj)' or at 'C:\source\LGE_Dev\x64\Release\bgfxRelease.pdb'; linking object as if no debug info
LGE_Core.lib(renderer_d3d11.obj) : warning LNK4099: PDB 'bgfxRelease.pdb' was not found with 'LGE_Core.lib(renderer_d3d11.obj)' or at 'C:\source\LGE_Dev\x64\Release\bgfxRelease.pdb'; linking object as if no debug info
LGE_Core.lib(renderer_d3d12.obj) : warning LNK4099: PDB 'bgfxRelease.pdb' was not found with 'LGE_Core.lib(renderer_d3d12.obj)' or at 'C:\source\LGE_Dev\x64\Release\bgfxRelease.pdb'; linking object as if no debug info
LGE_Core.lib(renderer_gnm.obj) : warning LNK4099: PDB 'bgfxRelease.pdb' was not found with 'LGE_Core.lib(renderer_gnm.obj)' or at 'C:\source\LGE_Dev\x64\Release\bgfxRelease.pdb'; linking object as if no debug info
LGE_Core.lib(renderer_nvn.obj) : warning LNK4099: PDB 'bgfxRelease.pdb' was not found with 'LGE_Core.lib(renderer_nvn.obj)' or at 'C:\source\LGE_Dev\x64\Release\bgfxRelease.pdb'; linking object as if no debug info
LGE_Core.lib(renderer_gl.obj) : warning LNK4099: PDB 'bgfxRelease.pdb' was not found with 'LGE_Core.lib(renderer_gl.obj)' or at 'C:\source\LGE_Dev\x64\Release\bgfxRelease.pdb'; linking object as if no debug info
LGE_Core.lib(renderer_vk.obj) : warning LNK4099: PDB 'bgfxRelease.pdb' was not found with 'LGE_Core.lib(renderer_vk.obj)' or at 'C:\source\LGE_Dev\x64\Release\bgfxRelease.pdb'; linking object as if no debug info
LGE_Core.lib(debug.obj) : warning LNK4099: PDB 'bxRelease.pdb' was not found with 'LGE_Core.lib(debug.obj)' or at 'C:\source\LGE_Dev\x64\Release\bxRelease.pdb'; linking object as if no debug info
LGE_Core.lib(bx.obj) : warning LNK4099: PDB 'bxRelease.pdb' was not found with 'LGE_Core.lib(bx.obj)' or at 'C:\source\LGE_Dev\x64\Release\bxRelease.pdb'; linking object as if no debug info
LGE_Core.lib(allocator.obj) : warning LNK4099: PDB 'bxRelease.pdb' was not found with 'LGE_Core.lib(allocator.obj)' or at 'C:\source\LGE_Dev\x64\Release\bxRelease.pdb'; linking object as if no debug info
LGE_Core.lib(string.obj) : warning LNK4099: PDB 'bxRelease.pdb' was not found with 'LGE_Core.lib(string.obj)' or at 'C:\source\LGE_Dev\x64\Release\bxRelease.pdb'; linking object as if no debug info
LGE_Core.lib(dtoa.obj) : warning LNK4099: PDB 'bxRelease.pdb' was not found with 'LGE_Core.lib(dtoa.obj)' or at 'C:\source\LGE_Dev\x64\Release\bxRelease.pdb'; linking object as if no debug info
LGE_Core.lib(hash.obj) : warning LNK4099: PDB 'bxRelease.pdb' was not found with 'LGE_Core.lib(hash.obj)' or at 'C:\source\LGE_Dev\x64\Release\bxRelease.pdb'; linking object as if no debug info
LGE_Core.lib(mutex.obj) : warning LNK4099: PDB 'bxRelease.pdb' was not found with 'LGE_Core.lib(mutex.obj)' or at 'C:\source\LGE_Dev\x64\Release\bxRelease.pdb'; linking object as if no debug info
LGE_Core.lib(filepath.obj) : warning LNK4099: PDB 'bxRelease.pdb' was not found with 'LGE_Core.lib(filepath.obj)' or at 'C:\source\LGE_Dev\x64\Release\bxRelease.pdb'; linking object as if no debug info
LGE_Core.lib(os.obj) : warning LNK4099: PDB 'bxRelease.pdb' was not found with 'LGE_Core.lib(os.obj)' or at 'C:\source\LGE_Dev\x64\Release\bxRelease.pdb'; linking object as if no debug info
LGE_Core.lib(sort.obj) : warning LNK4099: PDB 'bxRelease.pdb' was not found with 'LGE_Core.lib(sort.obj)' or at 'C:\source\LGE_Dev\x64\Release\bxRelease.pdb'; linking object as if no debug info
LGE_Core.lib(semaphore.obj) : warning LNK4099: PDB 'bxRelease.pdb' was not found with 'LGE_Core.lib(semaphore.obj)' or at 'C:\source\LGE_Dev\x64\Release\bxRelease.pdb'; linking object as if no debug info
LGE_Core.lib(thread.obj) : warning LNK4099: PDB 'bxRelease.pdb' was not found with 'LGE_Core.lib(thread.obj)' or at 'C:\source\LGE_Dev\x64\Release\bxRelease.pdb'; linking object as if no debug info
LGE_Core.lib(timer.obj) : warning LNK4099: PDB 'bxRelease.pdb' was not found with 'LGE_Core.lib(timer.obj)' or at 'C:\source\LGE_Dev\x64\Release\bxRelease.pdb'; linking object as if no debug info
LGE_Core.lib(image.obj) : warning LNK4099: PDB 'bimgRelease.pdb' was not found with 'LGE_Core.lib(image.obj)' or at 'C:\source\LGE_Dev\x64\Release\bimgRelease.pdb'; linking object as if no debug info
LGE_Core.lib(file.obj) : warning LNK4099: PDB 'bxRelease.pdb' was not found with 'LGE_Core.lib(file.obj)' or at 'C:\source\LGE_Dev\x64\Release\bxRelease.pdb'; linking object as if no debug info
LGE_Core.lib(topology.obj) : warning LNK4099: PDB 'bgfxRelease.pdb' was not found with 'LGE_Core.lib(topology.obj)' or at 'C:\source\LGE_Dev\x64\Release\bgfxRelease.pdb'; linking object as if no debug info
LGE_Core.lib(math.obj) : warning LNK4099: PDB 'bxRelease.pdb' was not found with 'LGE_Core.lib(math.obj)' or at 'C:\source\LGE_Dev\x64\Release\bxRelease.pdb'; linking object as if no debug info
LGE_Core.lib(shader_dxbc.obj) : warning LNK4099: PDB 'bgfxRelease.pdb' was not found with 'LGE_Core.lib(shader_dxbc.obj)' or at 'C:\source\LGE_Dev\x64\Release\bgfxRelease.pdb'; linking object as if no debug info
LGE_Core.lib(debug_renderdoc.obj) : warning LNK4099: PDB 'bgfxRelease.pdb' was not found with 'LGE_Core.lib(debug_renderdoc.obj)' or at 'C:\source\LGE_Dev\x64\Release\bgfxRelease.pdb'; linking object as if no debug info
LGE_Core.lib(nvapi.obj) : warning LNK4099: PDB 'bgfxRelease.pdb' was not found with 'LGE_Core.lib(nvapi.obj)' or at 'C:\source\LGE_Dev\x64\Release\bgfxRelease.pdb'; linking object as if no debug info
LGE_Core.lib(dxgi.obj) : warning LNK4099: PDB 'bgfxRelease.pdb' was not found with 'LGE_Core.lib(dxgi.obj)' or at 'C:\source\LGE_Dev\x64\Release\bgfxRelease.pdb'; linking object as if no debug info
LGE_Core.lib(glcontext_wgl.obj) : warning LNK4099: PDB 'bgfxRelease.pdb' was not found with 'LGE_Core.lib(glcontext_wgl.obj)' or at 'C:\source\LGE_Dev\x64\Release\bgfxRelease.pdb'; linking object as if no debug info
LGE_Core.lib(shader.obj) : warning LNK4099: PDB 'bgfxRelease.pdb' was not found with 'LGE_Core.lib(shader.obj)' or at 'C:\source\LGE_Dev\x64\Release\bgfxRelease.pdb'; linking object as if no debug info
LGE_Core.lib(image_gnf.obj) : warning LNK4099: PDB 'bimgRelease.pdb' was not found with 'LGE_Core.lib(image_gnf.obj)' or at 'C:\source\LGE_Dev\x64\Release\bimgRelease.pdb'; linking object as if no debug info
LGE_Core.lib(astcenc_entry.obj) : warning LNK4099: PDB 'bimgRelease.pdb' was not found with 'LGE_Core.lib(astcenc_entry.obj)' or at 'C:\source\LGE_Dev\x64\Release\bimgRelease.pdb'; linking object as if no debug info
LGE_Core.lib(shader_spirv.obj) : warning LNK4099: PDB 'bgfxRelease.pdb' was not found with 'LGE_Core.lib(shader_spirv.obj)' or at 'C:\source\LGE_Dev\x64\Release\bgfxRelease.pdb'; linking object as if no debug info
LGE_Core.lib(astcenc_mathlib_softfloat.obj) : warning LNK4099: PDB 'bimgRelease.pdb' was not found with 'LGE_Core.lib(astcenc_mathlib_softfloat.obj)' or at 'C:\source\LGE_Dev\x64\Release\bimgRelease.pdb'; linking object as if no debug info
LGE_Core.lib(astcenc_block_sizes.obj) : warning LNK4099: PDB 'bimgRelease.pdb' was not found with 'LGE_Core.lib(astcenc_block_sizes.obj)' or at 'C:\source\LGE_Dev\x64\Release\bimgRelease.pdb'; linking object as if no debug info
LGE_Core.lib(astcenc_percentile_tables.obj) : warning LNK4099: PDB 'bimgRelease.pdb' was not found with 'LGE_Core.lib(astcenc_percentile_tables.obj)' or at 'C:\source\LGE_Dev\x64\Release\bimgRelease.pdb'; linking object as if no debug info
LGE_Core.lib(astcenc_compute_variance.obj) : warning LNK4099: PDB 'bimgRelease.pdb' was not found with 'LGE_Core.lib(astcenc_compute_variance.obj)' or at 'C:\source\LGE_Dev\x64\Release\bimgRelease.pdb'; linking object as if no debug info
LGE_Core.lib(astcenc_image.obj) : warning LNK4099: PDB 'bimgRelease.pdb' was not found with 'LGE_Core.lib(astcenc_image.obj)' or at 'C:\source\LGE_Dev\x64\Release\bimgRelease.pdb'; linking object as if no debug info
LGE_Core.lib(astcenc_color_unquantize.obj) : warning LNK4099: PDB 'bimgRelease.pdb' was not found with 'LGE_Core.lib(astcenc_color_unquantize.obj)' or at 'C:\source\LGE_Dev\x64\Release\bimgRelease.pdb'; linking object as if no debug info
LGE_Core.lib(astcenc_decompress_symbolic.obj) : warning LNK4099: PDB 'bimgRelease.pdb' was not found with 'LGE_Core.lib(astcenc_decompress_symbolic.obj)' or at 'C:\source\LGE_Dev\x64\Release\bimgRelease.pdb'; linking object as if no debug info
LGE_Core.lib(astcenc_weight_align.obj) : warning LNK4099: PDB 'bimgRelease.pdb' was not found with 'LGE_Core.lib(astcenc_weight_align.obj)' or at 'C:\source\LGE_Dev\x64\Release\bimgRelease.pdb'; linking object as if no debug info
LGE_Core.lib(astcenc_compress_symbolic.obj) : warning LNK4099: PDB 'bimgRelease.pdb' was not found with 'LGE_Core.lib(astcenc_compress_symbolic.obj)' or at 'C:\source\LGE_Dev\x64\Release\bimgRelease.pdb'; linking object as if no debug info
LGE_Core.lib(astcenc_symbolic_physical.obj) : warning LNK4099: PDB 'bimgRelease.pdb' was not found with 'LGE_Core.lib(astcenc_symbolic_physical.obj)' or at 'C:\source\LGE_Dev\x64\Release\bimgRelease.pdb'; linking object as if no debug info
LGE_Core.lib(astcenc_mathlib.obj) : warning LNK4099: PDB 'bimgRelease.pdb' was not found with 'LGE_Core.lib(astcenc_mathlib.obj)' or at 'C:\source\LGE_Dev\x64\Release\bimgRelease.pdb'; linking object as if no debug info
LGE_Core.lib(astcenc_partition_tables.obj) : warning LNK4099: PDB 'bimgRelease.pdb' was not found with 'LGE_Core.lib(astcenc_partition_tables.obj)' or at 'C:\source\LGE_Dev\x64\Release\bimgRelease.pdb'; linking object as if no debug info
LGE_Core.lib(astcenc_integer_sequence.obj) : warning LNK4099: PDB 'bimgRelease.pdb' was not found with 'LGE_Core.lib(astcenc_integer_sequence.obj)' or at 'C:\source\LGE_Dev\x64\Release\bimgRelease.pdb'; linking object as if no debug info
LGE_Core.lib(astcenc_find_best_partitioning.obj) : warning LNK4099: PDB 'bimgRelease.pdb' was not found with 'LGE_Core.lib(astcenc_find_best_partitioning.obj)' or at 'C:\source\LGE_Dev\x64\Release\bimgRelease.pdb'; linking object as if no debug info
LGE_Core.lib(astcenc_ideal_endpoints_and_weights.obj) : warning LNK4099: PDB 'bimgRelease.pdb' was not found with 'LGE_Core.lib(astcenc_ideal_endpoints_and_weights.obj)' or at 'C:\source\LGE_Dev\x64\Release\bimgRelease.pdb'; linking object as if no debug info
LGE_Core.lib(astcenc_color_quantize.obj) : warning LNK4099: PDB 'bimgRelease.pdb' was not found with 'LGE_Core.lib(astcenc_color_quantize.obj)' or at 'C:\source\LGE_Dev\x64\Release\bimgRelease.pdb'; linking object as if no debug info
LGE_Core.lib(astcenc_pick_best_endpoint_format.obj) : warning LNK4099: PDB 'bimgRelease.pdb' was not found with 'LGE_Core.lib(astcenc_pick_best_endpoint_format.obj)' or at 'C:\source\LGE_Dev\x64\Release\bimgRelease.pdb'; linking object as if no debug info
LGE_Core.lib(astcenc_weight_quant_xfer_tables.obj) : warning LNK4099: PDB 'bimgRelease.pdb' was not found with 'LGE_Core.lib(astcenc_weight_quant_xfer_tables.obj)' or at 'C:\source\LGE_Dev\x64\Release\bimgRelease.pdb'; linking object as if no debug info
LGE_Core.lib(astcenc_quantization.obj) : warning LNK4099: PDB 'bimgRelease.pdb' was not found with 'LGE_Core.lib(astcenc_quantization.obj)' or at 'C:\source\LGE_Dev\x64\Release\bimgRelease.pdb'; linking object as if no debug info
LGE_Core.lib(astcenc_averages_and_directions.obj) : warning LNK4099: PDB 'bimgRelease.pdb' was not found with 'LGE_Core.lib(astcenc_averages_and_directions.obj)' or at 'C:\source\LGE_Dev\x64\Release\bimgRelease.pdb'; linking object as if no debug info
  LGE_Editor.vcxproj -> C:\source\LGE_Dev\x64\Release\LGE_Editor.exe
