  autofit.c
  ftbase.c
  ftbbox.c
  ftbdf.c
  ftbitmap.c
  ftcid.c
  ftfstype.c
  ftgasp.c
  ftglyph.c
  ftgxval.c
  ftinit.c
  ftmm.c
  ftotval.c
  ftpatent.c
  ftpfr.c
  ftstroke.c
  ftsynth.c
  fttype1.c
  ftwinfnt.c
  bdf.c
  ftcache.c
  cff.c
C:\source\Getting-Started-With-BGFX\Getting Started With BGFX\freetype-2.14.1\src\autofit\afadjust.c(1302): warning C4706: assignment within conditional expression
  type1cid.c
  dlgwrap.c
  ftgzip.c
  ftlzw.c
  pcf.c
  pfr.c
  psaux.c
  pshinter.c
  psmodule.c
  raster.c
  sfnt.c
  smooth.c
  sdf.c
  svg.c
C:\source\Getting-Started-With-BGFX\Getting Started With BGFX\freetype-2.14.1\src\sfnt\sfdriver.c(1036,36): warning C4244: 'function': conversion from '__int64' to 'const unsigned int', possible loss of data (compiling source file ..\..\..\src\sfnt\sfnt.c)
  truetype.c
  type1.c
  type42.c
  winfnt.c
C:\source\Getting-Started-With-BGFX\Getting Started With BGFX\freetype-2.14.1\src\type42\t42parse.c(878,62): warning C4244: '=': conversion from '__int64' to 'FT_Int', possible loss of data (compiling source file ..\..\..\src\type42\type42.c)
C:\source\Getting-Started-With-BGFX\Getting Started With BGFX\freetype-2.14.1\src\type1\t1load.c(1780,64): warning C4244: '=': conversion from '__int64' to 'FT_Int', possible loss of data (compiling source file ..\..\..\src\type1\type1.c)
C:\source\Getting-Started-With-BGFX\Getting Started With BGFX\freetype-2.14.1\src\type1\t1load.c(1953,36): warning C4244: '=': conversion from '__int64' to 'FT_Int', possible loss of data (compiling source file ..\..\..\src\type1\type1.c)
C:\source\Getting-Started-With-BGFX\Getting Started With BGFX\freetype-2.14.1\src\sfnt\ttcolr.c(731): warning C4706: assignment within conditional expression
C:\source\Getting-Started-With-BGFX\Getting Started With BGFX\freetype-2.14.1\src\sfnt\ttcolr.c(779): warning C4706: assignment within conditional expression
C:\source\Getting-Started-With-BGFX\Getting Started With BGFX\freetype-2.14.1\src\sfnt\ttcolr.c(841): warning C4706: assignment within conditional expression
  ftdebug.c
  ftsystem.c
  freetype.vcxproj -> C:\source\Getting-Started-With-BGFX\Getting Started With BGFX\freetype-2.14.1\objs\x64\Release Static\freetype.lib
